// Jest Snapshot v1, https://goo.gl/fbAQLP

exports[`renders App container correctly 1`] = `null`;
