// Jest Snapshot v1, https://goo.gl/fbAQLP

exports[`renders correctly 1`] = `
<ViewManagerAdapter_ExpoLinearGradient
  proxiedProperties={
    Object {
      "colors": Array [
        4294967040,
        4294956800,
      ],
      "endPoint": undefined,
      "locations": undefined,
      "startPoint": undefined,
    }
  }
  style={
    Object {
      "alignItems": "flex-start",
      "borderRadius": 20,
      "height": 266.8,
      "justifyContent": "flex-start",
      "margin": 10,
      "overflow": "hidden",
      "padding": 15,
      "width": 337.5,
    }
  }
>
  <Image
    source={
      Object {
        "uri": "https://raw.githubusercontent.com/PokeAPI/sprites/master/sprites/pokemon/other/official-artwork/1.png",
      }
    }
    style={
      Object {
        "bottom": 0,
        "height": 160.07999999999998,
        "position": "absolute",
        "resizeMode": "contain",
        "right": -20,
        "width": 300,
        "zIndex": 100,
      }
    }
  />
  <View
    style={
      Array [
        Object {
          "borderRadius": 60,
          "bottom": -20,
          "height": 120,
          "position": "absolute",
          "right": -20,
          "width": 120,
        },
        Object {
          "backgroundColor": "yellow",
        },
      ]
    }
  />
  <Text
    style={
      Array [
        Object {
          "fontFamily": "Lexend_400Regular",
          "fontSize": 20,
        },
        Object {
          "color": "white",
        },
      ]
    }
  >
    SANDESH
  </Text>
</ViewManagerAdapter_ExpoLinearGradient>
`;
