// Jest Snapshot v1, https://goo.gl/fbAQLP

exports[`renders error correctly 1`] = `
<RCTSafeAreaView
  style={
    Object {
      "alignItems": "center",
      "backgroundColor": "white",
      "flex": 1,
      "justifyContent": "center",
    }
  }
>
  <Text />
  <Text
    style={
      Object {
        "fontFamily": "Lexend_700Bold",
        "fontSize": 24,
      }
    }
  >
    009
  </Text>
  <Text
    style={
      Object {
        "fontFamily": "Lexend_400Regular",
        "fontSize": 20,
      }
    }
  >
    Something went wrong
  </Text>
</RCTSafeAreaView>
`;
