// Jest Snapshot v1, https://goo.gl/fbAQLP

exports[`renders loader correctly 1`] = `
<RCTSafeAreaView
  style={
    Object {
      "alignItems": "center",
      "backgroundColor": "white",
      "flex": 1,
      "justifyContent": "center",
    }
  }
>
  <ActivityIndicator />
</RCTSafeAreaView>
`;
